<html>
  <head>
    <title>carlonox-HP-Laptop-15-ef2xxx - System Information Report</title>
  </head>
  <body>
    <h1>carlonox-HP-Laptop-15-ef2xxx - System Information Report</h1>
    <p>Generado Wed Jun 10 09:23:34 AM -05 2026, by carlonox.</p>
    <h2>System Uptime</h2>
<pre> 09:23:34 up 5 days, 22:07,  1 user,  load average: 1.11, 1.05, 1.04</pre>
    <h2>Memory Usage</h2>
<pre>               total        used        free      shared  buff/cache   available
Mem:           7.1Gi       3.8Gi       452Mi        60Mi       3.2Gi       3.3Gi
Swap:          8.0Gi       3.0Gi       5.0Gi</pre>
<h3>Detalle de /proc/meminfo</h3>
<pre>MemTotal:        7429584 kB
MemFree:          462164 kB
MemAvailable:    3418364 kB
Buffers:          793732 kB
Cached:          1443124 kB
Shmem:             61876 kB</pre>
    <h2>Disk Space</h2>
<pre>Filesystem      Size  Used Avail Use% Mounted on
tmpfs           726M  1.8M  724M   1% /run
efivarfs        128K   47K   77K  38% /sys/firmware/efi/efivars
/dev/nvme0n1p2  234G   91G  131G  41% /
tmpfs           3.6G  132M  3.5G   4% /dev/shm
tmpfs           5.0M   16K  5.0M   1% /run/lock
/dev/nvme0n1p1  511M  6.2M  505M   2% /boot/efi
tmpfs           726M  252K  726M   1% /run/user/1000</pre>
    <h2>Home Space</h2>
<h3>Usuario: carlonox</h3>
<p>Archivos en /home/carlonox: 335132</p>
<pre>  7349882    260 -rw-rw-r--   1 carlonox carlonox   263449 May  8 14:59 /home/carlonox/Pictures/Screenshot\ from\ 2026-05-08\ 14-58-56.png
  7349828    124 -rw-rw-r--   1 carlonox carlonox   124512 May  8 13:07 /home/carlonox/Pictures/Screenshot\ from\ 2026-05-08\ 13-03-36.png
  7353166    256 -rw-rw-r--   1 carlonox carlonox   260648 May 13 12:18 /home/carlonox/Pictures/Screenshot\ from\ 2026-05-13\ 12-18-12.png
  7372370     88 -rw-rw-r--   1 carlonox carlonox    89693 Jun  1 11:06 /home/carlonox/Pictures/Screenshot\ from\ 2026-06-01\ 10-40-21.png
  7340035      4 -rw-r--r--   1 carlonox carlonox      516 Jan  2 22:44 /home/carlonox/.gtkrc-xfce
  7340036      4 -rw-r--r--   1 carlonox carlonox      220 Jan  2 22:44 /home/carlonox/.bash_logout
  7347862      4 -rw-rw-r--   1 carlonox carlonox      798 Jan  2 23:28 /home/carlonox/.vscode/argv.json
  7471680     20 -rw-rw-r--   1 carlonox carlonox    19222 May  8 11:04 /home/carlonox/.vscode/extensions/ms-vscode-remote.remote-containers-0.459.0/package.nls.fr.json
  7471684     20 -rw-rw-r--   1 carlonox carlonox    18509 May  8 11:04 /home/carlonox/.vscode/extensions/ms-vscode-remote.remote-containers-0.459.0/package.nls.es.json
  7471661     20 -rw-rw-r--   1 carlonox carlonox    18785 May  8 11:04 /home/carlonox/.vscode/extensions/ms-vscode-remote.remote-containers-0.459.0/package.nls.ko.json
  7471688     20 -rw-rw-r--   1 carlonox carlonox    18961 May  8 11:04 /home/carlonox/.vscode/extensions/ms-vscode-remote.remote-containers-0.459.0/package.nls.de.json
  7474430    960 -rw-rw-r--   1 carlonox carlonox   981983 May  8 11:04 /home/carlonox/.vscode/extensions/ms-vscode-remote.remote-containers-0.459.0/dist/extension/extension.js
  7474421      4 -rw-rw-r--   1 carlonox carlonox     1607 May  8 11:04 /home/carlonox/.vscode/extensions/ms-vscode-remote.remote-containers-0.459.0/dist/extension/runAsMain.js
  7474501      4 -rw-rw-r--   1 carlonox carlonox     2910 May  8 11:04 /home/carlonox/.vscode/extensions/ms-vscode-remote.remote-containers-0.459.0/dist/common/sshAskpass.js
  7474516      4 -rw-rw-r--   1 carlonox carlonox     1996 May  8 11:04 /home/carlonox/.vscode/extensions/ms-vscode-remote.remote-containers-0.459.0/dist/common/remoteContainersCLI.js
  7474510     44 -rw-rw-r--   1 carlonox carlonox    42347 May  8 11:04 /home/carlonox/.vscode/extensions/ms-vscode-remote.remote-containers-0.459.0/dist/common/remoteContainersServer.js
  7474411      4 -rw-rw-r--   1 carlonox carlonox     1810 May  8 11:04 /home/carlonox/.vscode/extensions/ms-vscode-remote.remote-containers-0.459.0/dist/node/remoteCloudGuesser.js
  7474269   1672 -rw-rw-r--   1 carlonox carlonox  1710550 May  8 11:04 /home/carlonox/.vscode/extensions/ms-vscode-remote.remote-containers-0.459.0/dist/spec-node/devContainersSpecCLI.js
  7474388    276 -rw-rw-r--   1 carlonox carlonox   282561 May  8 11:04 /home/carlonox/.vscode/extensions/ms-vscode-remote.remote-containers-0.459.0/dist/shutdown/shutdownMonitorProcess.js
  7473999      4 -rw-rw-r--   1 carlonox carlonox      725 May  8 11:04 /home/carlonox/.vscode/extensions/ms-vscode-remote.remote-containers-0.459.0/dev-containers-user-cli/README.md</pre>
  </body>
</html>
